Archive member included because of file (symbol)

C:/Freescale/CW MCU v10.6/MCU/ARM_GCC_Support/ewl/lib/armv6-m\libc.a(exit.o)
                              ./Project_Settings/Startup_Code/__arm_start.o (exit)
C:/Freescale/CW MCU v10.6/MCU/ARM_GCC_Support/ewl/lib/armv6-m\libc.a(memset.o)
                              ./Project_Settings/Startup_Code/__arm_start.o (memset)
C:/Freescale/CW MCU v10.6/MCU/ARM_GCC_Support/ewl/lib/armv6-m\libc.a(__filll_mem.o)
                              C:/Freescale/CW MCU v10.6/MCU/ARM_GCC_Support/ewl/lib/armv6-m\libc.a(memset.o) (__fill_mem)
c:/freescale/cw mcu v10.6/cross_tools/arm-none-eabi-gcc-4_7_3/bin/../lib/gcc/arm-none-eabi/4.7.3/armv6-m\libgcc.a(_udivsi3.o)
                              ./Sources/MISCELANEO.o (__aeabi_uidiv)
c:/freescale/cw mcu v10.6/cross_tools/arm-none-eabi-gcc-4_7_3/bin/../lib/gcc/arm-none-eabi/4.7.3/armv6-m\libgcc.a(_dvmd_tls.o)
                              c:/freescale/cw mcu v10.6/cross_tools/arm-none-eabi-gcc-4_7_3/bin/../lib/gcc/arm-none-eabi/4.7.3/armv6-m\libgcc.a(_udivsi3.o) (__aeabi_idiv0)
C:/Freescale/CW MCU v10.6/MCU/ARM_GCC_Support/ewl/lib/armv6-m\librt.a(gcc_ctor_dtor.o)
                              ./Project_Settings/Startup_Code/__arm_start.o (__init_cpp)
C:/Freescale/CW MCU v10.6/MCU/ARM_GCC_Support/ewl/lib/armv6-m\librt.a(ROMCopy.o)
                              ./Project_Settings/Startup_Code/__arm_start.o (__copy_rom_sections_to_ram)
C:/Freescale/CW MCU v10.6/MCU/ARM_GCC_Support/ewl/lib/armv6-m\librt.a(__arm_eabi_init.o)
                              C:/Freescale/CW MCU v10.6/MCU/ARM_GCC_Support/ewl/lib/armv6-m\libc.a(exit.o) (__destroy_global_chain)

Discarded input sections

 .text          0x00000000        0x0 ./Project_Settings/Startup_Code/kinetis_sysinit.o
 .data          0x00000000        0x0 ./Project_Settings/Startup_Code/kinetis_sysinit.o
 .bss           0x00000000        0x0 ./Project_Settings/Startup_Code/kinetis_sysinit.o
 .text          0x00000000        0x0 ./Project_Settings/Startup_Code/__arm_start.o
 .data          0x00000000        0x0 ./Project_Settings/Startup_Code/__arm_start.o
 .bss           0x00000000        0x0 ./Project_Settings/Startup_Code/__arm_start.o
 .text.__iar_program_start
                0x00000000        0x4 ./Project_Settings/Startup_Code/__arm_start.o
 .text          0x00000000        0x0 ./Project_Settings/Startup_Code/__arm_end.o
 .data          0x00000000        0x0 ./Project_Settings/Startup_Code/__arm_end.o
 .bss           0x00000000        0x0 ./Project_Settings/Startup_Code/__arm_end.o
 .text          0x00000000        0x0 ./Sources/sa_mtb.o
 .data          0x00000000        0x0 ./Sources/sa_mtb.o
 .bss           0x00000000        0x0 ./Sources/sa_mtb.o
 .debug_info    0x00000000       0x21 ./Sources/sa_mtb.o
 .debug_abbrev  0x00000000       0x12 ./Sources/sa_mtb.o
 .debug_aranges
                0x00000000       0x18 ./Sources/sa_mtb.o
 .debug_macinfo
                0x00000000     0x24d8 ./Sources/sa_mtb.o
 .debug_line    0x00000000       0xaa ./Sources/sa_mtb.o
 .debug_str     0x00000000       0x9e ./Sources/sa_mtb.o
 .comment       0x00000000       0x7a ./Sources/sa_mtb.o
 .ARM.attributes
                0x00000000       0x31 ./Sources/sa_mtb.o
 .text          0x00000000        0x0 ./Sources/main.o
 .data          0x00000000        0x0 ./Sources/main.o
 .bss           0x00000000        0x0 ./Sources/main.o
 .text          0x00000000        0x0 ./Sources/MISCELANEO.o
 .data          0x00000000        0x0 ./Sources/MISCELANEO.o
 .bss           0x00000000        0x0 ./Sources/MISCELANEO.o
 .text.dwfnBCDADecimal
                0x00000000       0x50 ./Sources/MISCELANEO.o
 .text.vfnDelay
                0x00000000       0x24 ./Sources/MISCELANEO.o
 .text          0x00000000        0x0 ./Sources/LedDriver.o
 .data          0x00000000        0x0 ./Sources/LedDriver.o
 .bss           0x00000000        0x0 ./Sources/LedDriver.o
 .text.vfnLedToggle
                0x00000000       0x40 ./Sources/LedDriver.o
 .text          0x00000000        0x0 ./Sources/DisplayDriver.o
 .data          0x00000000        0x0 ./Sources/DisplayDriver.o
 .bss           0x00000000        0x0 ./Sources/DisplayDriver.o
 .text          0x00000000        0x0 ./Sources/ButtonDriver.o
 .data          0x00000000        0x0 ./Sources/ButtonDriver.o
 .bss           0x00000000        0x0 ./Sources/ButtonDriver.o
 .text          0x00000000        0x0 C:/Freescale/CW MCU v10.6/MCU/ARM_GCC_Support/ewl/lib/armv6-m\libc.a(exit.o)
 .data          0x00000000        0x0 C:/Freescale/CW MCU v10.6/MCU/ARM_GCC_Support/ewl/lib/armv6-m\libc.a(exit.o)
 .bss           0x00000000        0x0 C:/Freescale/CW MCU v10.6/MCU/ARM_GCC_Support/ewl/lib/armv6-m\libc.a(exit.o)
 .text          0x00000000        0x0 C:/Freescale/CW MCU v10.6/MCU/ARM_GCC_Support/ewl/lib/armv6-m\libc.a(memset.o)
 .data          0x00000000        0x0 C:/Freescale/CW MCU v10.6/MCU/ARM_GCC_Support/ewl/lib/armv6-m\libc.a(memset.o)
 .bss           0x00000000        0x0 C:/Freescale/CW MCU v10.6/MCU/ARM_GCC_Support/ewl/lib/armv6-m\libc.a(memset.o)
 .text          0x00000000        0x0 C:/Freescale/CW MCU v10.6/MCU/ARM_GCC_Support/ewl/lib/armv6-m\libc.a(__filll_mem.o)
 .data          0x00000000        0x0 C:/Freescale/CW MCU v10.6/MCU/ARM_GCC_Support/ewl/lib/armv6-m\libc.a(__filll_mem.o)
 .bss           0x00000000        0x0 C:/Freescale/CW MCU v10.6/MCU/ARM_GCC_Support/ewl/lib/armv6-m\libc.a(__filll_mem.o)
 .data          0x00000000        0x0 c:/freescale/cw mcu v10.6/cross_tools/arm-none-eabi-gcc-4_7_3/bin/../lib/gcc/arm-none-eabi/4.7.3/armv6-m\libgcc.a(_udivsi3.o)
 .bss           0x00000000        0x0 c:/freescale/cw mcu v10.6/cross_tools/arm-none-eabi-gcc-4_7_3/bin/../lib/gcc/arm-none-eabi/4.7.3/armv6-m\libgcc.a(_udivsi3.o)
 .data          0x00000000        0x0 c:/freescale/cw mcu v10.6/cross_tools/arm-none-eabi-gcc-4_7_3/bin/../lib/gcc/arm-none-eabi/4.7.3/armv6-m\libgcc.a(_dvmd_tls.o)
 .bss           0x00000000        0x0 c:/freescale/cw mcu v10.6/cross_tools/arm-none-eabi-gcc-4_7_3/bin/../lib/gcc/arm-none-eabi/4.7.3/armv6-m\libgcc.a(_dvmd_tls.o)
 .text          0x00000000        0x0 C:/Freescale/CW MCU v10.6/MCU/ARM_GCC_Support/ewl/lib/armv6-m\librt.a(gcc_ctor_dtor.o)
 .data          0x00000000        0x0 C:/Freescale/CW MCU v10.6/MCU/ARM_GCC_Support/ewl/lib/armv6-m\librt.a(gcc_ctor_dtor.o)
 .bss           0x00000000        0x0 C:/Freescale/CW MCU v10.6/MCU/ARM_GCC_Support/ewl/lib/armv6-m\librt.a(gcc_ctor_dtor.o)
 .bss.__dso_handle
                0x00000000        0x4 C:/Freescale/CW MCU v10.6/MCU/ARM_GCC_Support/ewl/lib/armv6-m\librt.a(gcc_ctor_dtor.o)
 .text          0x00000000        0x0 C:/Freescale/CW MCU v10.6/MCU/ARM_GCC_Support/ewl/lib/armv6-m\librt.a(ROMCopy.o)
 .data          0x00000000        0x0 C:/Freescale/CW MCU v10.6/MCU/ARM_GCC_Support/ewl/lib/armv6-m\librt.a(ROMCopy.o)
 .bss           0x00000000        0x0 C:/Freescale/CW MCU v10.6/MCU/ARM_GCC_Support/ewl/lib/armv6-m\librt.a(ROMCopy.o)
 .text.__flush_cache
                0x00000000        0x2 C:/Freescale/CW MCU v10.6/MCU/ARM_GCC_Support/ewl/lib/armv6-m\librt.a(ROMCopy.o)
 .text          0x00000000        0x0 C:/Freescale/CW MCU v10.6/MCU/ARM_GCC_Support/ewl/lib/armv6-m\librt.a(__arm_eabi_init.o)
 .data          0x00000000        0x0 C:/Freescale/CW MCU v10.6/MCU/ARM_GCC_Support/ewl/lib/armv6-m\librt.a(__arm_eabi_init.o)
 .bss           0x00000000        0x0 C:/Freescale/CW MCU v10.6/MCU/ARM_GCC_Support/ewl/lib/armv6-m\librt.a(__arm_eabi_init.o)
 .text.__register_global_object
                0x00000000       0x14 C:/Freescale/CW MCU v10.6/MCU/ARM_GCC_Support/ewl/lib/armv6-m\librt.a(__arm_eabi_init.o)
 .text.__cxa_atexit
                0x00000000       0x38 C:/Freescale/CW MCU v10.6/MCU/ARM_GCC_Support/ewl/lib/armv6-m\librt.a(__arm_eabi_init.o)
 .text.__aeabi_atexit
                0x00000000        0xe C:/Freescale/CW MCU v10.6/MCU/ARM_GCC_Support/ewl/lib/armv6-m\librt.a(__arm_eabi_init.o)
 .text.__register_atexit
                0x00000000        0xc C:/Freescale/CW MCU v10.6/MCU/ARM_GCC_Support/ewl/lib/armv6-m\librt.a(__arm_eabi_init.o)
 .text.__init_hardware
                0x00000000        0x4 C:/Freescale/CW MCU v10.6/MCU/ARM_GCC_Support/ewl/lib/armv6-m\librt.a(__arm_eabi_init.o)
 .bss.atexit_curr_func
                0x00000000        0x4 C:/Freescale/CW MCU v10.6/MCU/ARM_GCC_Support/ewl/lib/armv6-m\librt.a(__arm_eabi_init.o)
 .bss.atexit_funcs
                0x00000000      0x300 C:/Freescale/CW MCU v10.6/MCU/ARM_GCC_Support/ewl/lib/armv6-m\librt.a(__arm_eabi_init.o)

Memory Configuration

Name             Origin             Length             Attributes
m_interrupts     0x00000000         0x000000c0         xr
m_cfmprotrom     0x00000400         0x00000010         xr
m_text           0x00000800         0x0001f800         xr
m_data           0x1ffff000         0x00004000         xrw
*default*        0x00000000         0xffffffff

Linker script and memory map

LOAD ./Project_Settings/Startup_Code/kinetis_sysinit.o
LOAD ./Project_Settings/Startup_Code/__arm_start.o
LOAD ./Project_Settings/Startup_Code/__arm_end.o
LOAD ./Sources/sa_mtb.o
LOAD ./Sources/main.o
LOAD ./Sources/MISCELANEO.o
LOAD ./Sources/LedDriver.o
LOAD ./Sources/DisplayDriver.o
LOAD ./Sources/ButtonDriver.o
START GROUP
LOAD C:/Freescale/CW MCU v10.6/MCU/ARM_GCC_Support/ewl/lib/armv6-m\libc.a
LOAD C:/Freescale/CW MCU v10.6/MCU/ARM_GCC_Support/ewl/lib/armv6-m\libm.a
LOAD c:/freescale/cw mcu v10.6/cross_tools/arm-none-eabi-gcc-4_7_3/bin/../lib/gcc/arm-none-eabi/4.7.3/armv6-m\libgcc.a
LOAD C:/Freescale/CW MCU v10.6/MCU/ARM_GCC_Support/ewl/lib/armv6-m\librt.a
END GROUP
                0x20003000                _estack = 0x20003000
                0x20003000                __SP_INIT = _estack
                0x00000400                __heap_size = 0x400
                0x00000400                __stack_size = 0x400

.interrupts     0x00000000       0xc0
                0x00000000                __vector_table = .
                0x00000000                . = ALIGN (0x4)
 *(.vectortable)
 .vectortable   0x00000000       0xc0 ./Project_Settings/Startup_Code/kinetis_sysinit.o
                0x00000000                InterruptVector
                0x000000c0                . = ALIGN (0x4)

.cfmprotect     0x00000400        0x0
                0x00000400                . = ALIGN (0x4)
 *(.cfmconfig)
                0x00000400                . = ALIGN (0x4)

.text           0x00000800     0x121c
                0x00000800                . = ALIGN (0x4)
 *(.text)
 .text          0x00000800       0x9c c:/freescale/cw mcu v10.6/cross_tools/arm-none-eabi-gcc-4_7_3/bin/../lib/gcc/arm-none-eabi/4.7.3/armv6-m\libgcc.a(_udivsi3.o)
                0x00000800                __aeabi_uidiv
                0x00000800                __udivsi3
                0x00000888                __aeabi_uidivmod
 .text          0x0000089c        0x4 c:/freescale/cw mcu v10.6/cross_tools/arm-none-eabi-gcc-4_7_3/bin/../lib/gcc/arm-none-eabi/4.7.3/armv6-m\libgcc.a(_dvmd_tls.o)
                0x0000089c                __aeabi_idiv0
                0x0000089c                __aeabi_ldiv0
 *(.text*)
 .text.Default_Handler
                0x000008a0        0xc ./Project_Settings/Startup_Code/kinetis_sysinit.o
                0x000008a0                RTC_Alarm_IRQHandler
                0x000008a0                I2C0_IRQHandler
                0x000008a0                HardFault_Handler
                0x000008a0                SysTick_Handler
                0x000008a0                PendSV_Handler
                0x000008a0                NMI_Handler
                0x000008a0                I2C1_IRQHandler
                0x000008a0                UART1_IRQHandler
                0x000008a0                DMA2_IRQHandler
                0x000008a0                TSI0_IRQHandler
                0x000008a0                UART0_IRQHandler
                0x000008a0                ADC0_IRQHandler
                0x000008a0                SPI1_IRQHandler
                0x000008a0                PORTD_IRQHandler
                0x000008a0                LPTimer_IRQHandler
                0x000008a0                FTM1_IRQHandler
                0x000008a0                RTC_Seconds_IRQHandler
                0x000008a0                MCG_IRQHandler
                0x000008a0                UART2_IRQHandler
                0x000008a0                Default_Handler
                0x000008a0                LLW_IRQHandler
                0x000008a0                PIT_IRQHandler
                0x000008a0                SVC_Handler
                0x000008a0                USBOTG_IRQHandler
                0x000008a0                DMA3_IRQHandler
                0x000008a0                DMA0_IRQHandler
                0x000008a0                DAC0_IRQHandler
                0x000008a0                PMC_IRQHandler
                0x000008a0                SPI0_IRQHandler
                0x000008a0                FTM0_IRQHandler
                0x000008a0                PORTA_IRQHandler
                0x000008a0                MCM_IRQHandler
                0x000008a0                FTFL_IRQHandler
                0x000008a0                FTM2_IRQHandler
                0x000008a0                CMP0_IRQHandler
                0x000008a0                DMA1_IRQHandler
 .text.__init_hardware
                0x000008ac       0x2c ./Project_Settings/Startup_Code/kinetis_sysinit.o
                0x000008ac                __init_hardware
 .text.zero_fill_bss
                0x000008d8       0x24 ./Project_Settings/Startup_Code/__arm_start.o
 .text.__thumb_startup
                0x000008fc       0x30 ./Project_Settings/Startup_Code/__arm_start.o
                0x000008fc                __thumb_startup
 .text._ExitProcess
                0x0000092c        0xc ./Project_Settings/Startup_Code/__arm_end.o
                0x0000092c                _ExitProcess
 .text.main     0x00000938      0x130 ./Sources/main.o
                0x00000938                main
 .text.wfnBCD   0x00000a68       0xe4 ./Sources/MISCELANEO.o
                0x00000a68                wfnBCD
 .text.vfnLedInit
                0x00000b4c       0xa4 ./Sources/LedDriver.o
                0x00000b4c                vfnLedInit
 .text.vfnLedOn
                0x00000bf0       0x44 ./Sources/LedDriver.o
                0x00000bf0                vfnLedOn
 .text.vfnLedOff
                0x00000c34       0x40 ./Sources/LedDriver.o
                0x00000c34                vfnLedOff
 .text.bfnLedBusy
                0x00000c74       0x34 ./Sources/LedDriver.o
                0x00000c74                bfnLedBusy
 .text.bfnLedBlink
                0x00000ca8       0x9c ./Sources/LedDriver.o
                0x00000ca8                bfnLedBlink
 .text.vfnLedDriver
                0x00000d44       0x98 ./Sources/LedDriver.o
                0x00000d44                vfnLedDriver
 .text.vfnDisplayInit
                0x00000ddc      0x128 ./Sources/DisplayDriver.o
                0x00000ddc                vfnDisplayInit
 .text.vfnDisplayDriver
                0x00000f04      0x640 ./Sources/DisplayDriver.o
                0x00000f04                vfnDisplayDriver
 .text.vfnButtonInit
                0x00001544       0x88 ./Sources/ButtonDriver.o
                0x00001544                vfnButtonInit
 .text.bfnButtonState
                0x000015cc       0x4c ./Sources/ButtonDriver.o
                0x000015cc                bfnButtonState
 .text.bfnButtonClick
                0x00001618       0x68 ./Sources/ButtonDriver.o
                0x00001618                bfnButtonClick
 .text.vfnButtonDriver
                0x00001680       0xd8 ./Sources/ButtonDriver.o
                0x00001680                vfnButtonDriver
 .text.exit     0x00001758       0x38 C:/Freescale/CW MCU v10.6/MCU/ARM_GCC_Support/ewl/lib/armv6-m\libc.a(exit.o)
                0x00001758                exit
 .text.memset   0x00001790        0xc C:/Freescale/CW MCU v10.6/MCU/ARM_GCC_Support/ewl/lib/armv6-m\libc.a(memset.o)
                0x00001790                memset
 .text.__fill_mem
                0x0000179c       0x7e C:/Freescale/CW MCU v10.6/MCU/ARM_GCC_Support/ewl/lib/armv6-m\libc.a(__filll_mem.o)
                0x0000179c                __fill_mem
 *fill*         0x0000181a        0x2 00
 .text.__init_cpp
                0x0000181c       0x48 C:/Freescale/CW MCU v10.6/MCU/ARM_GCC_Support/ewl/lib/armv6-m\librt.a(gcc_ctor_dtor.o)
                0x0000181c                __init_cpp
 .text.__fini_cpp
                0x00001864       0x34 C:/Freescale/CW MCU v10.6/MCU/ARM_GCC_Support/ewl/lib/armv6-m\librt.a(gcc_ctor_dtor.o)
                0x00001864                __fini_cpp
 .text.__copy_rom_section
                0x00001898       0x48 C:/Freescale/CW MCU v10.6/MCU/ARM_GCC_Support/ewl/lib/armv6-m\librt.a(ROMCopy.o)
                0x00001898                __copy_rom_section
 .text.__copy_rom_sections_to_ram
                0x000018e0       0x34 C:/Freescale/CW MCU v10.6/MCU/ARM_GCC_Support/ewl/lib/armv6-m\librt.a(ROMCopy.o)
                0x000018e0                __copy_rom_sections_to_ram
 .text.__destroy_global_chain
                0x00001914       0x1c C:/Freescale/CW MCU v10.6/MCU/ARM_GCC_Support/ewl/lib/armv6-m\librt.a(__arm_eabi_init.o)
                0x00001914                __destroy_global_chain
 .text.__init_registers
                0x00001930       0x1c C:/Freescale/CW MCU v10.6/MCU/ARM_GCC_Support/ewl/lib/armv6-m\librt.a(__arm_eabi_init.o)
                0x00001930                __init_registers
 .text.__init_user
                0x0000194c        0x4 C:/Freescale/CW MCU v10.6/MCU/ARM_GCC_Support/ewl/lib/armv6-m\librt.a(__arm_eabi_init.o)
                0x0000194c                __init_user
 *(.rodata)
 *(.rodata*)
 .rodata.kdwaPinValue
                0x00001950       0x80 ./Sources/MISCELANEO.o
                0x00001950                kdwaPinValue
 .rodata.ktaLEDPort
                0x000019d0       0x18 ./Sources/LedDriver.o
 .rodata.kdwaSegmentArray
                0x000019e8       0x1c ./Sources/DisplayDriver.o
                0x000019e8                kdwaSegmentArray
 .rodata.kdwaDisplayArray
                0x00001a04       0x10 ./Sources/DisplayDriver.o
                0x00001a04                kdwaDisplayArray
 .rodata.kwaButtonArray
                0x00001a14        0x8 ./Sources/ButtonDriver.o
                0x00001a14                kwaButtonArray
 *(.glue_7)
 .glue_7        0x00000000        0x0 linker stubs
 *(.glue_7t)
 .glue_7t       0x00000000        0x0 linker stubs
 *(.eh_frame)
 *(.init)
 *(.fini)
                0x00001a1c                . = ALIGN (0x4)
                0x00001a1c                _etext = .

.vfp11_veneer   0x00001a1c        0x0
 .vfp11_veneer  0x00000000        0x0 linker stubs

.v4_bx          0x00001a1c        0x0
 .v4_bx         0x00000000        0x0 linker stubs

.iplt           0x00001a1c        0x0
 .iplt          0x00000000        0x0 ./Project_Settings/Startup_Code/kinetis_sysinit.o

.rel.dyn        0x00001a1c        0x0
 .rel.iplt      0x00000000        0x0 ./Project_Settings/Startup_Code/kinetis_sysinit.o

.ARM.extab
 *(.ARM.extab* .gnu.linkonce.armextab.*)

.ARM            0x00001a1c        0x0
                0x00001a1c                __exidx_start = .
 *(.ARM.exidx*)
                0x00001a1c                __exidx_end = .

.ctors          0x00001a1c        0x0
                0x00001a1c                __CTOR_LIST__ = .
 *crtbegin.o(.ctors)
 *(EXCLUDE_FILE(*crtend.o) .ctors)
 *(SORT(.ctors.*))
 *(.ctors)
                0x00001a1c                __CTOR_END__ = .

.dtors          0x00001a1c        0x0
                0x00001a1c                __DTOR_LIST__ = .
 *crtbegin.o(.dtors)
 *(EXCLUDE_FILE(*crtend.o) .dtors)
 *(SORT(.dtors.*))
 *(.dtors)
                0x00001a1c                __DTOR_END__ = .

.preinit_array  0x00001a1c        0x0
                0x00001a1c                PROVIDE (__preinit_array_start, .)
 *(.preinit_array*)
                0x00001a1c                PROVIDE (__preinit_array_end, .)

.init_array     0x00001a1c        0x0
                0x00001a1c                PROVIDE (__init_array_start, .)
 *(SORT(.init_array.*))
 *(.init_array*)
                0x00001a1c                PROVIDE (__init_array_end, .)

.fini_array     0x00001a1c        0x0
                0x00001a1c                PROVIDE (__fini_array_start, .)
 *(SORT(.fini_array.*))
 *(.fini_array*)
                0x00001a1c                PROVIDE (__fini_array_end, .)
                0x00001a1c                ___ROM_AT = .

.mtb            0x1ffff000        0x0
                0x1ffff000                . = ALIGN (0x8)
                0x1ffff000                _mtb_start = .
 *(.mtb_buf)
                0x1ffff000                . = ALIGN (0x8)
                0x1ffff000                _mtb_end = .

.data           0x1ffff000        0x0 load address 0x00001a1c
                0x1ffff000                . = ALIGN (0x4)
                0x1ffff000                _sdata = .
 *(.data)
 *(.data*)
                0x1ffff000                . = ALIGN (0x4)
                0x1ffff000                _edata = .
                0x00000000                ___data_size = (_edata - _sdata)

.igot.plt       0x1ffff000        0x0
 .igot.plt      0x00000000        0x0 ./Project_Settings/Startup_Code/kinetis_sysinit.o
                0x1ffff000                . = ALIGN (0x4)

.bss            0x1ffff000       0x58
                0x1ffff000                __START_BSS = .
                0x1ffff000                PROVIDE (__bss_start__, __START_BSS)
 *(.bss)
 *(.bss*)
 .bss.argv      0x1ffff000        0x4 ./Project_Settings/Startup_Code/__arm_start.o
 .bss.gdwFrecuenciaIn
                0x1ffff004        0x4 ./Sources/main.o
                0x1ffff004                gdwFrecuenciaIn
 .bss.bLedCounter.4649
                0x1ffff008        0x1 ./Sources/main.o
 .bss.bButtonCounter.4650
                0x1ffff009        0x1 ./Sources/main.o
 .bss.bDisplayCounter.4651
                0x1ffff00a        0x1 ./Sources/main.o
 *fill*         0x1ffff00b        0x1 00
 .bss.wFrequencyCounter.4652
                0x1ffff00c        0x2 ./Sources/main.o
 .bss.bModoHoldFlag.4654
                0x1ffff00e        0x1 ./Sources/main.o
 *fill*         0x1ffff00f        0x1 00
 .bss.dwAcumulador.4653
                0x1ffff010        0x4 ./Sources/main.o
 .bss._saLEDCtrl
                0x1ffff014       0x20 ./Sources/LedDriver.o
 .bss.bBarridoIndex.4631
                0x1ffff034        0x1 ./Sources/DisplayDriver.o
 .bss.bDigito.4630
                0x1ffff035        0x1 ./Sources/DisplayDriver.o
 .bss.bEstadoBotones
                0x1ffff036        0x1 ./Sources/ButtonDriver.o
 *fill*         0x1ffff037        0x1 00
 .bss.baButtonRead.4632
                0x1ffff038        0x4 ./Sources/ButtonDriver.o
 .bss.bFlag.4627
                0x1ffff03c        0x1 ./Sources/ButtonDriver.o
 *fill*         0x1ffff03d        0x3 00
 .bss.__stdio_exit
                0x1ffff040        0x4 C:/Freescale/CW MCU v10.6/MCU/ARM_GCC_Support/ewl/lib/armv6-m\libc.a(exit.o)
                0x1ffff040                __stdio_exit
 .bss.__console_exit
                0x1ffff044        0x4 C:/Freescale/CW MCU v10.6/MCU/ARM_GCC_Support/ewl/lib/armv6-m\libc.a(exit.o)
                0x1ffff044                __console_exit
 .bss.__S_romp  0x1ffff048        0xc C:/Freescale/CW MCU v10.6/MCU/ARM_GCC_Support/ewl/lib/armv6-m\librt.a(ROMCopy.o)
 .bss.__global_destructor_chain
                0x1ffff054        0x4 C:/Freescale/CW MCU v10.6/MCU/ARM_GCC_Support/ewl/lib/armv6-m\librt.a(__arm_eabi_init.o)
                0x1ffff054                __global_destructor_chain
 *(COMMON)
                0x1ffff058                . = ALIGN (0x4)
                0x1ffff058                __END_BSS = .
                0x1ffff058                PROVIDE (__bss_end__, __END_BSS)
                0x00001a1c                _romp_at = (___ROM_AT + SIZEOF (.data))

.romp           0x1ffff058       0x18 load address 0x00001a1c
                0x00001a1c                __S_romp = _romp_at
                0x1ffff058        0x4 LONG 0x1a1c ___ROM_AT
                0x1ffff05c        0x4 LONG 0x1ffff000 _sdata
                0x1ffff060        0x4 LONG 0x0 ___data_size
                0x1ffff064        0x4 LONG 0x0
                0x1ffff068        0x4 LONG 0x0
                0x1ffff06c        0x4 LONG 0x0

._user_heap_stack
                0x1ffff070      0x800 load address 0x00001a34
                0x1ffff070                . = ALIGN (0x4)
                0x1ffff070                PROVIDE (end, .)
                0x1ffff070                PROVIDE (_end, .)
                0x1ffff070                __heap_addr = .
                0x1ffff470                . = (. + __heap_size)
 *fill*         0x1ffff070      0x400 00
                0x1ffff870                . = (. + __stack_size)
 *fill*         0x1ffff470      0x400 00
                0x1ffff870                . = ALIGN (0x4)

.ARM.attributes
                0x00000000       0x31
 *(.ARM.attributes)
 .ARM.attributes
                0x00000000       0x31 ./Project_Settings/Startup_Code/kinetis_sysinit.o
 .ARM.attributes
                0x00000031       0x31 ./Project_Settings/Startup_Code/__arm_start.o
 .ARM.attributes
                0x00000062       0x31 ./Project_Settings/Startup_Code/__arm_end.o
 .ARM.attributes
                0x00000093       0x31 ./Sources/main.o
 .ARM.attributes
                0x000000c4       0x31 ./Sources/MISCELANEO.o
 .ARM.attributes
                0x000000f5       0x31 ./Sources/LedDriver.o
 .ARM.attributes
                0x00000126       0x31 ./Sources/DisplayDriver.o
 .ARM.attributes
                0x00000157       0x31 ./Sources/ButtonDriver.o
 .ARM.attributes
                0x00000188       0x31 C:/Freescale/CW MCU v10.6/MCU/ARM_GCC_Support/ewl/lib/armv6-m\libc.a(exit.o)
 .ARM.attributes
                0x000001b9       0x31 C:/Freescale/CW MCU v10.6/MCU/ARM_GCC_Support/ewl/lib/armv6-m\libc.a(memset.o)
 .ARM.attributes
                0x000001ea       0x31 C:/Freescale/CW MCU v10.6/MCU/ARM_GCC_Support/ewl/lib/armv6-m\libc.a(__filll_mem.o)
 .ARM.attributes
                0x0000021b       0x1e c:/freescale/cw mcu v10.6/cross_tools/arm-none-eabi-gcc-4_7_3/bin/../lib/gcc/arm-none-eabi/4.7.3/armv6-m\libgcc.a(_udivsi3.o)
 .ARM.attributes
                0x00000239       0x1e c:/freescale/cw mcu v10.6/cross_tools/arm-none-eabi-gcc-4_7_3/bin/../lib/gcc/arm-none-eabi/4.7.3/armv6-m\libgcc.a(_dvmd_tls.o)
 .ARM.attributes
                0x00000257       0x31 C:/Freescale/CW MCU v10.6/MCU/ARM_GCC_Support/ewl/lib/armv6-m\librt.a(gcc_ctor_dtor.o)
 .ARM.attributes
                0x00000288       0x31 C:/Freescale/CW MCU v10.6/MCU/ARM_GCC_Support/ewl/lib/armv6-m\librt.a(ROMCopy.o)
 .ARM.attributes
                0x000002b9       0x31 C:/Freescale/CW MCU v10.6/MCU/ARM_GCC_Support/ewl/lib/armv6-m\librt.a(__arm_eabi_init.o)
OUTPUT(Practica_2_MCU2.elf elf32-littlearm)

.debug_info     0x00000000     0x20a5
 .debug_info    0x00000000      0x447 ./Project_Settings/Startup_Code/kinetis_sysinit.o
 .debug_info    0x00000447      0x12a ./Project_Settings/Startup_Code/__arm_start.o
 .debug_info    0x00000571       0x54 ./Project_Settings/Startup_Code/__arm_end.o
 .debug_info    0x000005c5       0xfe ./Sources/main.o
 .debug_info    0x000006c3      0x1c3 ./Sources/MISCELANEO.o
 .debug_info    0x00000886      0x64f ./Sources/LedDriver.o
 .debug_info    0x00000ed5      0x46f ./Sources/DisplayDriver.o
 .debug_info    0x00001344      0x4cc ./Sources/ButtonDriver.o
 .debug_info    0x00001810       0xe8 C:/Freescale/CW MCU v10.6/MCU/ARM_GCC_Support/ewl/lib/armv6-m\libc.a(exit.o)
 .debug_info    0x000018f8       0xec C:/Freescale/CW MCU v10.6/MCU/ARM_GCC_Support/ewl/lib/armv6-m\libc.a(memset.o)
 .debug_info    0x000019e4      0x137 C:/Freescale/CW MCU v10.6/MCU/ARM_GCC_Support/ewl/lib/armv6-m\libc.a(__filll_mem.o)
 .debug_info    0x00001b1b      0x136 C:/Freescale/CW MCU v10.6/MCU/ARM_GCC_Support/ewl/lib/armv6-m\librt.a(gcc_ctor_dtor.o)
 .debug_info    0x00001c51      0x19b C:/Freescale/CW MCU v10.6/MCU/ARM_GCC_Support/ewl/lib/armv6-m\librt.a(ROMCopy.o)
 .debug_info    0x00001dec      0x2b9 C:/Freescale/CW MCU v10.6/MCU/ARM_GCC_Support/ewl/lib/armv6-m\librt.a(__arm_eabi_init.o)

.debug_abbrev   0x00000000      0xb16
 .debug_abbrev  0x00000000       0xe7 ./Project_Settings/Startup_Code/kinetis_sysinit.o
 .debug_abbrev  0x000000e7       0x92 ./Project_Settings/Startup_Code/__arm_start.o
 .debug_abbrev  0x00000179       0x4c ./Project_Settings/Startup_Code/__arm_end.o
 .debug_abbrev  0x000001c5       0x61 ./Sources/main.o
 .debug_abbrev  0x00000226       0xad ./Sources/MISCELANEO.o
 .debug_abbrev  0x000002d3      0x149 ./Sources/LedDriver.o
 .debug_abbrev  0x0000041c      0x10d ./Sources/DisplayDriver.o
 .debug_abbrev  0x00000529      0x12d ./Sources/ButtonDriver.o
 .debug_abbrev  0x00000656       0x7a C:/Freescale/CW MCU v10.6/MCU/ARM_GCC_Support/ewl/lib/armv6-m\libc.a(exit.o)
 .debug_abbrev  0x000006d0       0x62 C:/Freescale/CW MCU v10.6/MCU/ARM_GCC_Support/ewl/lib/armv6-m\libc.a(memset.o)
 .debug_abbrev  0x00000732       0x78 C:/Freescale/CW MCU v10.6/MCU/ARM_GCC_Support/ewl/lib/armv6-m\libc.a(__filll_mem.o)
 .debug_abbrev  0x000007aa       0x99 C:/Freescale/CW MCU v10.6/MCU/ARM_GCC_Support/ewl/lib/armv6-m\librt.a(gcc_ctor_dtor.o)
 .debug_abbrev  0x00000843      0x120 C:/Freescale/CW MCU v10.6/MCU/ARM_GCC_Support/ewl/lib/armv6-m\librt.a(ROMCopy.o)
 .debug_abbrev  0x00000963      0x1b3 C:/Freescale/CW MCU v10.6/MCU/ARM_GCC_Support/ewl/lib/armv6-m\librt.a(__arm_eabi_init.o)

.debug_loc      0x00000000      0x948
 .debug_loc     0x00000000       0x58 ./Project_Settings/Startup_Code/kinetis_sysinit.o
 .debug_loc     0x00000058       0x2c ./Project_Settings/Startup_Code/__arm_start.o
 .debug_loc     0x00000084       0x38 ./Project_Settings/Startup_Code/__arm_end.o
 .debug_loc     0x000000bc       0x2c ./Sources/main.o
 .debug_loc     0x000000e8       0xa8 ./Sources/MISCELANEO.o
 .debug_loc     0x00000190      0x17c ./Sources/LedDriver.o
 .debug_loc     0x0000030c       0x64 ./Sources/DisplayDriver.o
 .debug_loc     0x00000370       0xd4 ./Sources/ButtonDriver.o
 .debug_loc     0x00000444       0x3e C:/Freescale/CW MCU v10.6/MCU/ARM_GCC_Support/ewl/lib/armv6-m\libc.a(exit.o)
 .debug_loc     0x00000482       0x6f C:/Freescale/CW MCU v10.6/MCU/ARM_GCC_Support/ewl/lib/armv6-m\libc.a(memset.o)
 .debug_loc     0x000004f1      0x14a C:/Freescale/CW MCU v10.6/MCU/ARM_GCC_Support/ewl/lib/armv6-m\libc.a(__filll_mem.o)
 .debug_loc     0x0000063b       0x9d C:/Freescale/CW MCU v10.6/MCU/ARM_GCC_Support/ewl/lib/armv6-m\librt.a(gcc_ctor_dtor.o)
 .debug_loc     0x000006d8       0xd9 C:/Freescale/CW MCU v10.6/MCU/ARM_GCC_Support/ewl/lib/armv6-m\librt.a(ROMCopy.o)
 .debug_loc     0x000007b1      0x197 C:/Freescale/CW MCU v10.6/MCU/ARM_GCC_Support/ewl/lib/armv6-m\librt.a(__arm_eabi_init.o)

.debug_aranges  0x00000000      0x288
 .debug_aranges
                0x00000000       0x28 ./Project_Settings/Startup_Code/kinetis_sysinit.o
 .debug_aranges
                0x00000028       0x30 ./Project_Settings/Startup_Code/__arm_start.o
 .debug_aranges
                0x00000058       0x20 ./Project_Settings/Startup_Code/__arm_end.o
 .debug_aranges
                0x00000078       0x20 ./Sources/main.o
 .debug_aranges
                0x00000098       0x30 ./Sources/MISCELANEO.o
 .debug_aranges
                0x000000c8       0x50 ./Sources/LedDriver.o
 .debug_aranges
                0x00000118       0x28 ./Sources/DisplayDriver.o
 .debug_aranges
                0x00000140       0x38 ./Sources/ButtonDriver.o
 .debug_aranges
                0x00000178       0x20 C:/Freescale/CW MCU v10.6/MCU/ARM_GCC_Support/ewl/lib/armv6-m\libc.a(exit.o)
 .debug_aranges
                0x00000198       0x20 C:/Freescale/CW MCU v10.6/MCU/ARM_GCC_Support/ewl/lib/armv6-m\libc.a(memset.o)
 .debug_aranges
                0x000001b8       0x20 C:/Freescale/CW MCU v10.6/MCU/ARM_GCC_Support/ewl/lib/armv6-m\libc.a(__filll_mem.o)
 .debug_aranges
                0x000001d8       0x28 C:/Freescale/CW MCU v10.6/MCU/ARM_GCC_Support/ewl/lib/armv6-m\librt.a(gcc_ctor_dtor.o)
 .debug_aranges
                0x00000200       0x30 C:/Freescale/CW MCU v10.6/MCU/ARM_GCC_Support/ewl/lib/armv6-m\librt.a(ROMCopy.o)
 .debug_aranges
                0x00000230       0x58 C:/Freescale/CW MCU v10.6/MCU/ARM_GCC_Support/ewl/lib/armv6-m\librt.a(__arm_eabi_init.o)

.debug_macinfo  0x00000000    0xed53e
 .debug_macinfo
                0x00000000    0x264f0 ./Project_Settings/Startup_Code/kinetis_sysinit.o
 .debug_macinfo
                0x000264f0     0x3e6d ./Project_Settings/Startup_Code/__arm_start.o
 .debug_macinfo
                0x0002a35d     0x3456 ./Project_Settings/Startup_Code/__arm_end.o
 .debug_macinfo
                0x0002d7b3    0x26687 ./Sources/main.o
 .debug_macinfo
                0x00053e3a    0x26711 ./Sources/MISCELANEO.o
 .debug_macinfo
                0x0007a54b    0x264da ./Sources/LedDriver.o
 .debug_macinfo
                0x000a0a25    0x26639 ./Sources/DisplayDriver.o
 .debug_macinfo
                0x000c705e    0x264e0 ./Sources/ButtonDriver.o

.debug_line     0x00000000     0x1776
 .debug_line    0x00000000      0x21f ./Project_Settings/Startup_Code/kinetis_sysinit.o
 .debug_line    0x0000021f      0x2a2 ./Project_Settings/Startup_Code/__arm_start.o
 .debug_line    0x000004c1      0x266 ./Project_Settings/Startup_Code/__arm_end.o
 .debug_line    0x00000727      0x240 ./Sources/main.o
 .debug_line    0x00000967      0x26b ./Sources/MISCELANEO.o
 .debug_line    0x00000bd2      0x27c ./Sources/LedDriver.o
 .debug_line    0x00000e4e      0x293 ./Sources/DisplayDriver.o
 .debug_line    0x000010e1      0x242 ./Sources/ButtonDriver.o
 .debug_line    0x00001323       0x8d C:/Freescale/CW MCU v10.6/MCU/ARM_GCC_Support/ewl/lib/armv6-m\libc.a(exit.o)
 .debug_line    0x000013b0       0x90 C:/Freescale/CW MCU v10.6/MCU/ARM_GCC_Support/ewl/lib/armv6-m\libc.a(memset.o)
 .debug_line    0x00001440       0xf6 C:/Freescale/CW MCU v10.6/MCU/ARM_GCC_Support/ewl/lib/armv6-m\libc.a(__filll_mem.o)
 .debug_line    0x00001536       0x6c C:/Freescale/CW MCU v10.6/MCU/ARM_GCC_Support/ewl/lib/armv6-m\librt.a(gcc_ctor_dtor.o)
 .debug_line    0x000015a2       0xbd C:/Freescale/CW MCU v10.6/MCU/ARM_GCC_Support/ewl/lib/armv6-m\librt.a(ROMCopy.o)
 .debug_line    0x0000165f      0x117 C:/Freescale/CW MCU v10.6/MCU/ARM_GCC_Support/ewl/lib/armv6-m\librt.a(__arm_eabi_init.o)

.debug_str      0x00000000      0xa92
 .debug_str     0x00000000      0x2a0 ./Project_Settings/Startup_Code/kinetis_sysinit.o
                                0x2c7 (size before relaxing)
 .debug_str     0x000002a0       0x85 ./Project_Settings/Startup_Code/__arm_start.o
                                0x1a1 (size before relaxing)
 .debug_str     0x00000325       0x41 ./Project_Settings/Startup_Code/__arm_end.o
                                 0xd8 (size before relaxing)
 .debug_str     0x00000366       0x7f ./Sources/main.o
                                0x189 (size before relaxing)
 .debug_str     0x000003e5       0xbd ./Sources/MISCELANEO.o
                                0x1f0 (size before relaxing)
 .debug_str     0x000004a2      0x168 ./Sources/LedDriver.o
                                0x376 (size before relaxing)
 .debug_str     0x0000060a       0x73 ./Sources/DisplayDriver.o
                                0x2ee (size before relaxing)
 .debug_str     0x0000067d       0xa1 ./Sources/ButtonDriver.o
                                0x307 (size before relaxing)
 .debug_str     0x0000071e       0x60 C:/Freescale/CW MCU v10.6/MCU/ARM_GCC_Support/ewl/lib/armv6-m\libc.a(exit.o)
                                0x157 (size before relaxing)
 .debug_str     0x0000077e       0x23 C:/Freescale/CW MCU v10.6/MCU/ARM_GCC_Support/ewl/lib/armv6-m\libc.a(memset.o)
                                0x140 (size before relaxing)
 .debug_str     0x000007a1       0x2d C:/Freescale/CW MCU v10.6/MCU/ARM_GCC_Support/ewl/lib/armv6-m\libc.a(__filll_mem.o)
                                0x152 (size before relaxing)
 .debug_str     0x000007ce      0x126 C:/Freescale/CW MCU v10.6/MCU/ARM_GCC_Support/ewl/lib/armv6-m\librt.a(gcc_ctor_dtor.o)
                                0x181 (size before relaxing)
 .debug_str     0x000008f4       0xa6 C:/Freescale/CW MCU v10.6/MCU/ARM_GCC_Support/ewl/lib/armv6-m\librt.a(ROMCopy.o)
                                0x13c (size before relaxing)
 .debug_str     0x0000099a       0xf8 C:/Freescale/CW MCU v10.6/MCU/ARM_GCC_Support/ewl/lib/armv6-m\librt.a(__arm_eabi_init.o)
                                0x1b5 (size before relaxing)

.comment        0x00000000       0x79
 .comment       0x00000000       0x79 ./Project_Settings/Startup_Code/kinetis_sysinit.o
                                 0x7a (size before relaxing)
 .comment       0x00000000       0x7a ./Project_Settings/Startup_Code/__arm_start.o
 .comment       0x00000000       0x7a ./Project_Settings/Startup_Code/__arm_end.o
 .comment       0x00000000       0x7a ./Sources/main.o
 .comment       0x00000000       0x7a ./Sources/MISCELANEO.o
 .comment       0x00000000       0x7a ./Sources/LedDriver.o
 .comment       0x00000000       0x7a ./Sources/DisplayDriver.o
 .comment       0x00000000       0x7a ./Sources/ButtonDriver.o
 .comment       0x00000000       0x7a C:/Freescale/CW MCU v10.6/MCU/ARM_GCC_Support/ewl/lib/armv6-m\libc.a(exit.o)
 .comment       0x00000000       0x7a C:/Freescale/CW MCU v10.6/MCU/ARM_GCC_Support/ewl/lib/armv6-m\libc.a(memset.o)
 .comment       0x00000000       0x7a C:/Freescale/CW MCU v10.6/MCU/ARM_GCC_Support/ewl/lib/armv6-m\libc.a(__filll_mem.o)
 .comment       0x00000000       0x7a C:/Freescale/CW MCU v10.6/MCU/ARM_GCC_Support/ewl/lib/armv6-m\librt.a(gcc_ctor_dtor.o)
 .comment       0x00000000       0x7a C:/Freescale/CW MCU v10.6/MCU/ARM_GCC_Support/ewl/lib/armv6-m\librt.a(ROMCopy.o)
 .comment       0x00000000       0x7a C:/Freescale/CW MCU v10.6/MCU/ARM_GCC_Support/ewl/lib/armv6-m\librt.a(__arm_eabi_init.o)

.debug_frame    0x00000000      0x514
 .debug_frame   0x00000000       0x48 ./Project_Settings/Startup_Code/kinetis_sysinit.o
 .debug_frame   0x00000048       0x4c ./Project_Settings/Startup_Code/__arm_start.o
 .debug_frame   0x00000094       0x30 ./Project_Settings/Startup_Code/__arm_end.o
 .debug_frame   0x000000c4       0x2c ./Sources/main.o
 .debug_frame   0x000000f0       0x70 ./Sources/MISCELANEO.o
 .debug_frame   0x00000160       0xec ./Sources/LedDriver.o
 .debug_frame   0x0000024c       0x4c ./Sources/DisplayDriver.o
 .debug_frame   0x00000298       0x8c ./Sources/ButtonDriver.o
 .debug_frame   0x00000324       0x2c C:/Freescale/CW MCU v10.6/MCU/ARM_GCC_Support/ewl/lib/armv6-m\libc.a(exit.o)
 .debug_frame   0x00000350       0x28 C:/Freescale/CW MCU v10.6/MCU/ARM_GCC_Support/ewl/lib/armv6-m\libc.a(memset.o)
 .debug_frame   0x00000378       0x2c C:/Freescale/CW MCU v10.6/MCU/ARM_GCC_Support/ewl/lib/armv6-m\libc.a(__filll_mem.o)
 .debug_frame   0x000003a4       0x20 c:/freescale/cw mcu v10.6/cross_tools/arm-none-eabi-gcc-4_7_3/bin/../lib/gcc/arm-none-eabi/4.7.3/armv6-m\libgcc.a(_udivsi3.o)
 .debug_frame   0x000003c4       0x40 C:/Freescale/CW MCU v10.6/MCU/ARM_GCC_Support/ewl/lib/armv6-m\librt.a(gcc_ctor_dtor.o)
 .debug_frame   0x00000404       0x54 C:/Freescale/CW MCU v10.6/MCU/ARM_GCC_Support/ewl/lib/armv6-m\librt.a(ROMCopy.o)
 .debug_frame   0x00000458       0xbc C:/Freescale/CW MCU v10.6/MCU/ARM_GCC_Support/ewl/lib/armv6-m\librt.a(__arm_eabi_init.o)
